// Jest Snapshot v1, https://goo.gl/fbAQLP

exports[`Components/Elements/ElAccordion/ElAccordion > Default 1`] = `
<div
  className="MuiPaper-root MuiPaper-elevation MuiPaper-rounded MuiPaper-elevation1 MuiAccordion-root MuiAccordion-rounded css-1r6ctgc-MuiPaper-root-MuiAccordion-root"
>
  <div
    aria-expanded={false}
    className="MuiButtonBase-root MuiAccordionSummary-root css-1aqmfld-MuiButtonBase-root-MuiAccordionSummary-root"
    onBlur={[Function]}
    onClick={[Function]}
    onContextMenu={[Function]}
    onDragLeave={[Function]}
    onFocus={[Function]}
    onKeyDown={[Function]}
    onKeyUp={[Function]}
    onMouseDown={[Function]}
    onMouseLeave={[Function]}
    onMouseUp={[Function]}
    onTouchEnd={[Function]}
    onTouchMove={[Function]}
    onTouchStart={[Function]}
    role="button"
    tabIndex={0}
  >
    <div
      className="MuiAccordionSummary-content css-1betqn-MuiAccordionSummary-content"
    >
      Summary
    </div>
  </div>
  <div
    className="MuiCollapse-root MuiCollapse-vertical MuiCollapse-hidden css-bz4dnt-MuiCollapse-root"
    style={
      Object {
        "minHeight": "0px",
      }
    }
  >
    <div
      className="MuiCollapse-wrapper MuiCollapse-vertical css-smkl36-MuiCollapse-wrapper"
    >
      <div
        className="MuiCollapse-wrapperInner MuiCollapse-vertical css-9l5vo-MuiCollapse-wrapperInner"
      >
        <div
          className="MuiAccordion-region"
          role="region"
        >
          <div
            className="MuiAccordionDetails-root css-15v22id-MuiAccordionDetails-root"
          >
            Details
          </div>
        </div>
      </div>
    </div>
  </div>
</div>
`;
