// Vitest Snapshot v1, https://vitest.dev/guide/snapshot.html

exports[`AnnualObjective > 'Default' 1`] = `
<body>
  <div>
    <div
      class="MuiBox-root css-kmnzss"
    >
      <p
        class="MuiTypography-root MuiTypography-body1 css-1o7ozsq-MuiTypography-root"
      >
        自己啓発
      </p>
    </div>
    <div
      class="MuiBox-root css-1qm1lh"
    >
      <div
        class="MuiBox-root css-axw7ok"
      >
        <div
          class="MuiBox-root css-70qvj9"
        >
          <label
            class="MuiFormLabel-root MuiFormLabel-colorPrimary css-7z2dif-MuiFormLabel-root"
            for="objective"
          >
            <p
              class="MuiTypography-root MuiTypography-body1 css-ahj2mt-MuiTypography-root"
            >
              目標時間
            </p>
          </label>
          <svg
            aria-hidden="true"
            class="MuiSvgIcon-root MuiSvgIcon-fontSizeMedium css-i4bv87-MuiSvgIcon-root"
            data-testid="NavigateNextIcon"
            focusable="false"
            viewBox="0 0 24 24"
          >
            <path
              d="M10 6 8.59 7.41 13.17 12l-4.58 4.59L10 18l6-6z"
            />
          </svg>
          <div
            class="MuiFormControl-root MuiTextField-root css-brgvbp-MuiFormControl-root-MuiTextField-root"
          >
            <div
              class="MuiInputBase-root MuiOutlinedInput-root MuiInputBase-colorPrimary MuiInputBase-formControl MuiInputBase-sizeSmall css-1fa36cw-MuiInputBase-root-MuiOutlinedInput-root"
            >
              <input
                aria-invalid="false"
                class="MuiInputBase-input MuiOutlinedInput-input MuiInputBase-inputSizeSmall css-1n4twyu-MuiInputBase-input-MuiOutlinedInput-input"
                id="objective"
                min="0"
                name="objective"
                type="number"
                value="0"
              />
              <fieldset
                aria-hidden="true"
                class="MuiOutlinedInput-notchedOutline css-1d3z3hw-MuiOutlinedInput-notchedOutline"
              >
                <legend
                  class="css-ihdtdm"
                >
                  <span
                    class="notranslate"
                  >
                    ​
                  </span>
                </legend>
              </fieldset>
            </div>
          </div>
          <p
            class="MuiTypography-root MuiTypography-body1 css-ahj2mt-MuiTypography-root"
          >
            時間
          </p>
        </div>
        <hr
          class="MuiDivider-root MuiDivider-middle MuiDivider-vertical MuiDivider-flexItem css-1oizm05-MuiDivider-root"
        />
        <div
          class="MuiBox-root css-70qvj9"
        >
          <p
            class="MuiTypography-root MuiTypography-body1 css-ahj2mt-MuiTypography-root"
          >
            実績
          </p>
          <svg
            aria-hidden="true"
            class="MuiSvgIcon-root MuiSvgIcon-fontSizeMedium css-i4bv87-MuiSvgIcon-root"
            data-testid="NavigateNextIcon"
            focusable="false"
            viewBox="0 0 24 24"
          >
            <path
              d="M10 6 8.59 7.41 13.17 12l-4.58 4.59L10 18l6-6z"
            />
          </svg>
          <p
            class="MuiTypography-root MuiTypography-body1 css-lji6n6-MuiTypography-root"
          >
            0
          </p>
          <p
            class="MuiTypography-root MuiTypography-body1 css-ahj2mt-MuiTypography-root"
          >
            時間
          </p>
        </div>
        <hr
          class="MuiDivider-root MuiDivider-middle MuiDivider-vertical MuiDivider-flexItem css-1oizm05-MuiDivider-root"
        />
        <div
          class="MuiBox-root css-70qvj9"
        >
          <p
            class="MuiTypography-root MuiTypography-body1 css-ahj2mt-MuiTypography-root"
          >
            利用可能
          </p>
          <svg
            aria-hidden="true"
            class="MuiSvgIcon-root MuiSvgIcon-fontSizeMedium css-i4bv87-MuiSvgIcon-root"
            data-testid="NavigateNextIcon"
            focusable="false"
            viewBox="0 0 24 24"
          >
            <path
              d="M10 6 8.59 7.41 13.17 12l-4.58 4.59L10 18l6-6z"
            />
          </svg>
          <p
            class="MuiTypography-root MuiTypography-body1 css-lji6n6-MuiTypography-root"
          >
            0
          </p>
          <p
            class="MuiTypography-root MuiTypography-body1 css-ahj2mt-MuiTypography-root"
          >
            時間
          </p>
        </div>
        <hr
          class="MuiDivider-root MuiDivider-middle MuiDivider-vertical MuiDivider-flexItem css-1oizm05-MuiDivider-root"
        />
        <div
          class="MuiBox-root css-70qvj9"
        >
          <p
            class="MuiTypography-root MuiTypography-body1 css-ahj2mt-MuiTypography-root"
          >
            ボーダー
          </p>
          <svg
            aria-hidden="true"
            class="MuiSvgIcon-root MuiSvgIcon-fontSizeMedium css-i4bv87-MuiSvgIcon-root"
            data-testid="NavigateNextIcon"
            focusable="false"
            viewBox="0 0 24 24"
          >
            <path
              d="M10 6 8.59 7.41 13.17 12l-4.58 4.59L10 18l6-6z"
            />
          </svg>
          <p
            class="MuiTypography-root MuiTypography-body1 css-lji6n6-MuiTypography-root"
          >
            0
          </p>
          <p
            class="MuiTypography-root MuiTypography-body1 css-ahj2mt-MuiTypography-root"
          >
            時間
          </p>
        </div>
      </div>
    </div>
    <div
      class="MuiBox-root css-9hu0cu"
    >
      <table
        class="MuiTable-root css-1avgbhz-MuiTable-root"
      >
        <thead
          class="MuiTableHead-root css-15wwp11-MuiTableHead-root"
        >
          <tr
            class="MuiTableRow-root MuiTableRow-head css-18gyjk9-MuiTableRow-root"
          >
            <th
              class="MuiTableCell-root MuiTableCell-head MuiTableCell-sizeSmall css-j2zpdo-MuiTableCell-root"
              colspan="1"
              scope="col"
            />
            <th
              class="MuiTableCell-root MuiTableCell-head MuiTableCell-sizeSmall css-j2zpdo-MuiTableCell-root"
              colspan="1"
              scope="col"
            >
              <span>
                利用可能
              </span>
            </th>
            <th
              class="MuiTableCell-root MuiTableCell-head MuiTableCell-sizeSmall css-j2zpdo-MuiTableCell-root"
              colspan="1"
              scope="col"
            >
              <span>
                ボーダー
              </span>
            </th>
            <th
              class="MuiTableCell-root MuiTableCell-head MuiTableCell-sizeSmall css-j2zpdo-MuiTableCell-root"
              colspan="1"
              scope="col"
            >
              <span>
                実績
              </span>
            </th>
          </tr>
        </thead>
        <tbody
          class="MuiTableBody-root css-apqrd9-MuiTableBody-root"
        >
          <tr
            class="MuiTableRow-root css-18gyjk9-MuiTableRow-root"
          >
            <td
              class="MuiTableCell-root MuiTableCell-body MuiTableCell-sizeSmall css-1n3yq5g-MuiTableCell-root"
            >
              <strong>
                1
                 月
              </strong>
            </td>
            <td
              class="MuiTableCell-root MuiTableCell-body MuiTableCell-sizeSmall css-1n3yq5g-MuiTableCell-root"
            >
              <a
                class="MuiTypography-root MuiTypography-inherit MuiLink-root MuiLink-underlineAlways css-1cep7cv-MuiTypography-root-MuiLink-root"
              >
                0
                 時間
              </a>
            </td>
            <td
              class="MuiTableCell-root MuiTableCell-body MuiTableCell-sizeSmall css-1n3yq5g-MuiTableCell-root"
            >
              <span>
                0
                 時間
              </span>
            </td>
            <td
              class="MuiTableCell-root MuiTableCell-body MuiTableCell-sizeSmall css-1n3yq5g-MuiTableCell-root"
            >
              <span
                class="MuiBox-root css-1ayqwaf"
              />
            </td>
          </tr>
          <tr
            class="MuiTableRow-root css-18gyjk9-MuiTableRow-root"
          >
            <td
              class="MuiTableCell-root MuiTableCell-body MuiTableCell-sizeSmall css-1n3yq5g-MuiTableCell-root"
            >
              <strong>
                2
                 月
              </strong>
            </td>
            <td
              class="MuiTableCell-root MuiTableCell-body MuiTableCell-sizeSmall css-1n3yq5g-MuiTableCell-root"
            >
              <a
                class="MuiTypography-root MuiTypography-inherit MuiLink-root MuiLink-underlineAlways css-1cep7cv-MuiTypography-root-MuiLink-root"
              >
                0
                 時間
              </a>
            </td>
            <td
              class="MuiTableCell-root MuiTableCell-body MuiTableCell-sizeSmall css-1n3yq5g-MuiTableCell-root"
            >
              <span>
                0
                 時間
              </span>
            </td>
            <td
              class="MuiTableCell-root MuiTableCell-body MuiTableCell-sizeSmall css-1n3yq5g-MuiTableCell-root"
            >
              <span
                class="MuiBox-root css-1ayqwaf"
              />
            </td>
          </tr>
          <tr
            class="MuiTableRow-root css-18gyjk9-MuiTableRow-root"
          >
            <td
              class="MuiTableCell-root MuiTableCell-body MuiTableCell-sizeSmall css-1n3yq5g-MuiTableCell-root"
            >
              <strong>
                3
                 月
              </strong>
            </td>
            <td
              class="MuiTableCell-root MuiTableCell-body MuiTableCell-sizeSmall css-1n3yq5g-MuiTableCell-root"
            >
              <a
                class="MuiTypography-root MuiTypography-inherit MuiLink-root MuiLink-underlineAlways css-1cep7cv-MuiTypography-root-MuiLink-root"
              >
                0
                 時間
              </a>
            </td>
            <td
              class="MuiTableCell-root MuiTableCell-body MuiTableCell-sizeSmall css-1n3yq5g-MuiTableCell-root"
            >
              <span>
                0
                 時間
              </span>
            </td>
            <td
              class="MuiTableCell-root MuiTableCell-body MuiTableCell-sizeSmall css-1n3yq5g-MuiTableCell-root"
            >
              <span
                class="MuiBox-root css-1ayqwaf"
              />
            </td>
          </tr>
          <tr
            class="MuiTableRow-root css-18gyjk9-MuiTableRow-root"
          >
            <td
              class="MuiTableCell-root MuiTableCell-body MuiTableCell-sizeSmall css-1n3yq5g-MuiTableCell-root"
            >
              <strong>
                4
                 月
              </strong>
            </td>
            <td
              class="MuiTableCell-root MuiTableCell-body MuiTableCell-sizeSmall css-1n3yq5g-MuiTableCell-root"
            >
              <a
                class="MuiTypography-root MuiTypography-inherit MuiLink-root MuiLink-underlineAlways css-1cep7cv-MuiTypography-root-MuiLink-root"
              >
                0
                 時間
              </a>
            </td>
            <td
              class="MuiTableCell-root MuiTableCell-body MuiTableCell-sizeSmall css-1n3yq5g-MuiTableCell-root"
            >
              <span>
                0
                 時間
              </span>
            </td>
            <td
              class="MuiTableCell-root MuiTableCell-body MuiTableCell-sizeSmall css-1n3yq5g-MuiTableCell-root"
            >
              <span
                class="MuiBox-root css-1ayqwaf"
              />
            </td>
          </tr>
          <tr
            class="MuiTableRow-root css-18gyjk9-MuiTableRow-root"
          >
            <td
              class="MuiTableCell-root MuiTableCell-body MuiTableCell-sizeSmall css-1n3yq5g-MuiTableCell-root"
            >
              <strong>
                5
                 月
              </strong>
            </td>
            <td
              class="MuiTableCell-root MuiTableCell-body MuiTableCell-sizeSmall css-1n3yq5g-MuiTableCell-root"
            >
              <a
                class="MuiTypography-root MuiTypography-inherit MuiLink-root MuiLink-underlineAlways css-1cep7cv-MuiTypography-root-MuiLink-root"
              >
                0
                 時間
              </a>
            </td>
            <td
              class="MuiTableCell-root MuiTableCell-body MuiTableCell-sizeSmall css-1n3yq5g-MuiTableCell-root"
            >
              <span>
                0
                 時間
              </span>
            </td>
            <td
              class="MuiTableCell-root MuiTableCell-body MuiTableCell-sizeSmall css-1n3yq5g-MuiTableCell-root"
            >
              <span
                class="MuiBox-root css-1ayqwaf"
              />
            </td>
          </tr>
          <tr
            class="MuiTableRow-root css-18gyjk9-MuiTableRow-root"
          >
            <td
              class="MuiTableCell-root MuiTableCell-body MuiTableCell-sizeSmall css-1n3yq5g-MuiTableCell-root"
            >
              <strong>
                6
                 月
              </strong>
            </td>
            <td
              class="MuiTableCell-root MuiTableCell-body MuiTableCell-sizeSmall css-1n3yq5g-MuiTableCell-root"
            >
              <a
                class="MuiTypography-root MuiTypography-inherit MuiLink-root MuiLink-underlineAlways css-1cep7cv-MuiTypography-root-MuiLink-root"
              >
                0
                 時間
              </a>
            </td>
            <td
              class="MuiTableCell-root MuiTableCell-body MuiTableCell-sizeSmall css-1n3yq5g-MuiTableCell-root"
            >
              <span>
                0
                 時間
              </span>
            </td>
            <td
              class="MuiTableCell-root MuiTableCell-body MuiTableCell-sizeSmall css-1n3yq5g-MuiTableCell-root"
            >
              <span
                class="MuiBox-root css-1ayqwaf"
              />
            </td>
          </tr>
          <tr
            class="MuiTableRow-root css-18gyjk9-MuiTableRow-root"
          >
            <td
              class="MuiTableCell-root MuiTableCell-body MuiTableCell-sizeSmall css-1n3yq5g-MuiTableCell-root"
            >
              <strong>
                7
                 月
              </strong>
            </td>
            <td
              class="MuiTableCell-root MuiTableCell-body MuiTableCell-sizeSmall css-1n3yq5g-MuiTableCell-root"
            >
              <a
                class="MuiTypography-root MuiTypography-inherit MuiLink-root MuiLink-underlineAlways css-1cep7cv-MuiTypography-root-MuiLink-root"
              >
                0
                 時間
              </a>
            </td>
            <td
              class="MuiTableCell-root MuiTableCell-body MuiTableCell-sizeSmall css-1n3yq5g-MuiTableCell-root"
            >
              <span>
                0
                 時間
              </span>
            </td>
            <td
              class="MuiTableCell-root MuiTableCell-body MuiTableCell-sizeSmall css-1n3yq5g-MuiTableCell-root"
            >
              <span
                class="MuiBox-root css-1ayqwaf"
              />
            </td>
          </tr>
          <tr
            class="MuiTableRow-root css-18gyjk9-MuiTableRow-root"
          >
            <td
              class="MuiTableCell-root MuiTableCell-body MuiTableCell-sizeSmall css-1n3yq5g-MuiTableCell-root"
            >
              <strong>
                8
                 月
              </strong>
            </td>
            <td
              class="MuiTableCell-root MuiTableCell-body MuiTableCell-sizeSmall css-1n3yq5g-MuiTableCell-root"
            >
              <a
                class="MuiTypography-root MuiTypography-inherit MuiLink-root MuiLink-underlineAlways css-1cep7cv-MuiTypography-root-MuiLink-root"
              >
                0
                 時間
              </a>
            </td>
            <td
              class="MuiTableCell-root MuiTableCell-body MuiTableCell-sizeSmall css-1n3yq5g-MuiTableCell-root"
            >
              <span>
                0
                 時間
              </span>
            </td>
            <td
              class="MuiTableCell-root MuiTableCell-body MuiTableCell-sizeSmall css-1n3yq5g-MuiTableCell-root"
            >
              <span
                class="MuiBox-root css-1ayqwaf"
              />
            </td>
          </tr>
          <tr
            class="MuiTableRow-root css-18gyjk9-MuiTableRow-root"
          >
            <td
              class="MuiTableCell-root MuiTableCell-body MuiTableCell-sizeSmall css-1n3yq5g-MuiTableCell-root"
            >
              <strong>
                9
                 月
              </strong>
            </td>
            <td
              class="MuiTableCell-root MuiTableCell-body MuiTableCell-sizeSmall css-1n3yq5g-MuiTableCell-root"
            >
              <a
                class="MuiTypography-root MuiTypography-inherit MuiLink-root MuiLink-underlineAlways css-1cep7cv-MuiTypography-root-MuiLink-root"
              >
                0
                 時間
              </a>
            </td>
            <td
              class="MuiTableCell-root MuiTableCell-body MuiTableCell-sizeSmall css-1n3yq5g-MuiTableCell-root"
            >
              <span>
                0
                 時間
              </span>
            </td>
            <td
              class="MuiTableCell-root MuiTableCell-body MuiTableCell-sizeSmall css-1n3yq5g-MuiTableCell-root"
            >
              <span
                class="MuiBox-root css-1ayqwaf"
              />
            </td>
          </tr>
          <tr
            class="MuiTableRow-root css-18gyjk9-MuiTableRow-root"
          >
            <td
              class="MuiTableCell-root MuiTableCell-body MuiTableCell-sizeSmall css-1n3yq5g-MuiTableCell-root"
            >
              <strong>
                10
                 月
              </strong>
            </td>
            <td
              class="MuiTableCell-root MuiTableCell-body MuiTableCell-sizeSmall css-1n3yq5g-MuiTableCell-root"
            >
              <a
                class="MuiTypography-root MuiTypography-inherit MuiLink-root MuiLink-underlineAlways css-1cep7cv-MuiTypography-root-MuiLink-root"
              >
                0
                 時間
              </a>
            </td>
            <td
              class="MuiTableCell-root MuiTableCell-body MuiTableCell-sizeSmall css-1n3yq5g-MuiTableCell-root"
            >
              <span>
                0
                 時間
              </span>
            </td>
            <td
              class="MuiTableCell-root MuiTableCell-body MuiTableCell-sizeSmall css-1n3yq5g-MuiTableCell-root"
            >
              <span
                class="MuiBox-root css-1ayqwaf"
              />
            </td>
          </tr>
          <tr
            class="MuiTableRow-root css-18gyjk9-MuiTableRow-root"
          >
            <td
              class="MuiTableCell-root MuiTableCell-body MuiTableCell-sizeSmall css-1n3yq5g-MuiTableCell-root"
            >
              <strong>
                11
                 月
              </strong>
            </td>
            <td
              class="MuiTableCell-root MuiTableCell-body MuiTableCell-sizeSmall css-1n3yq5g-MuiTableCell-root"
            >
              <a
                class="MuiTypography-root MuiTypography-inherit MuiLink-root MuiLink-underlineAlways css-1cep7cv-MuiTypography-root-MuiLink-root"
              >
                0
                 時間
              </a>
            </td>
            <td
              class="MuiTableCell-root MuiTableCell-body MuiTableCell-sizeSmall css-1n3yq5g-MuiTableCell-root"
            >
              <span>
                0
                 時間
              </span>
            </td>
            <td
              class="MuiTableCell-root MuiTableCell-body MuiTableCell-sizeSmall css-1n3yq5g-MuiTableCell-root"
            >
              <span
                class="MuiBox-root css-1ayqwaf"
              />
            </td>
          </tr>
          <tr
            class="MuiTableRow-root css-18gyjk9-MuiTableRow-root"
          >
            <td
              class="MuiTableCell-root MuiTableCell-body MuiTableCell-sizeSmall css-1n3yq5g-MuiTableCell-root"
            >
              <strong>
                12
                 月
              </strong>
            </td>
            <td
              class="MuiTableCell-root MuiTableCell-body MuiTableCell-sizeSmall css-1n3yq5g-MuiTableCell-root"
            >
              <a
                class="MuiTypography-root MuiTypography-inherit MuiLink-root MuiLink-underlineAlways css-1cep7cv-MuiTypography-root-MuiLink-root"
              >
                0
                 時間
              </a>
            </td>
            <td
              class="MuiTableCell-root MuiTableCell-body MuiTableCell-sizeSmall css-1n3yq5g-MuiTableCell-root"
            >
              <span>
                0
                 時間
              </span>
            </td>
            <td
              class="MuiTableCell-root MuiTableCell-body MuiTableCell-sizeSmall css-1n3yq5g-MuiTableCell-root"
            >
              <span
                class="MuiBox-root css-1ayqwaf"
              />
            </td>
          </tr>
        </tbody>
      </table>
    </div>
  </div>
</body>
`;

exports[`AnnualObjective > 'Default' 2`] = `
<body>
  <div>
    <div
      class="MuiBox-root css-kmnzss"
    >
      <p
        class="MuiTypography-root MuiTypography-body1 css-1o7ozsq-MuiTypography-root"
      >
        自己啓発
      </p>
    </div>
    <div
      class="MuiBox-root css-1qm1lh"
    >
      <div
        class="MuiBox-root css-axw7ok"
      >
        <div
          class="MuiBox-root css-70qvj9"
        >
          <label
            class="MuiFormLabel-root MuiFormLabel-colorPrimary css-7z2dif-MuiFormLabel-root"
            for="objective"
          >
            <p
              class="MuiTypography-root MuiTypography-body1 css-ahj2mt-MuiTypography-root"
            >
              目標時間
            </p>
          </label>
          <svg
            aria-hidden="true"
            class="MuiSvgIcon-root MuiSvgIcon-fontSizeMedium css-i4bv87-MuiSvgIcon-root"
            data-testid="NavigateNextIcon"
            focusable="false"
            viewBox="0 0 24 24"
          >
            <path
              d="M10 6 8.59 7.41 13.17 12l-4.58 4.59L10 18l6-6z"
            />
          </svg>
          <div
            class="MuiFormControl-root MuiTextField-root css-brgvbp-MuiFormControl-root-MuiTextField-root"
          >
            <div
              class="MuiInputBase-root MuiOutlinedInput-root MuiInputBase-colorPrimary MuiInputBase-formControl MuiInputBase-sizeSmall css-1fa36cw-MuiInputBase-root-MuiOutlinedInput-root"
            >
              <input
                aria-invalid="false"
                class="MuiInputBase-input MuiOutlinedInput-input MuiInputBase-inputSizeSmall css-1n4twyu-MuiInputBase-input-MuiOutlinedInput-input"
                id="objective"
                min="0"
                name="objective"
                type="number"
                value="0"
              />
              <fieldset
                aria-hidden="true"
                class="MuiOutlinedInput-notchedOutline css-1d3z3hw-MuiOutlinedInput-notchedOutline"
              >
                <legend
                  class="css-ihdtdm"
                >
                  <span
                    class="notranslate"
                  >
                    ​
                  </span>
                </legend>
              </fieldset>
            </div>
          </div>
          <p
            class="MuiTypography-root MuiTypography-body1 css-ahj2mt-MuiTypography-root"
          >
            時間
          </p>
        </div>
        <hr
          class="MuiDivider-root MuiDivider-middle MuiDivider-vertical MuiDivider-flexItem css-1oizm05-MuiDivider-root"
        />
        <div
          class="MuiBox-root css-70qvj9"
        >
          <p
            class="MuiTypography-root MuiTypography-body1 css-ahj2mt-MuiTypography-root"
          >
            実績
          </p>
          <svg
            aria-hidden="true"
            class="MuiSvgIcon-root MuiSvgIcon-fontSizeMedium css-i4bv87-MuiSvgIcon-root"
            data-testid="NavigateNextIcon"
            focusable="false"
            viewBox="0 0 24 24"
          >
            <path
              d="M10 6 8.59 7.41 13.17 12l-4.58 4.59L10 18l6-6z"
            />
          </svg>
          <p
            class="MuiTypography-root MuiTypography-body1 css-lji6n6-MuiTypography-root"
          >
            0
          </p>
          <p
            class="MuiTypography-root MuiTypography-body1 css-ahj2mt-MuiTypography-root"
          >
            時間
          </p>
        </div>
        <hr
          class="MuiDivider-root MuiDivider-middle MuiDivider-vertical MuiDivider-flexItem css-1oizm05-MuiDivider-root"
        />
        <div
          class="MuiBox-root css-70qvj9"
        >
          <p
            class="MuiTypography-root MuiTypography-body1 css-ahj2mt-MuiTypography-root"
          >
            利用可能
          </p>
          <svg
            aria-hidden="true"
            class="MuiSvgIcon-root MuiSvgIcon-fontSizeMedium css-i4bv87-MuiSvgIcon-root"
            data-testid="NavigateNextIcon"
            focusable="false"
            viewBox="0 0 24 24"
          >
            <path
              d="M10 6 8.59 7.41 13.17 12l-4.58 4.59L10 18l6-6z"
            />
          </svg>
          <p
            class="MuiTypography-root MuiTypography-body1 css-lji6n6-MuiTypography-root"
          >
            0
          </p>
          <p
            class="MuiTypography-root MuiTypography-body1 css-ahj2mt-MuiTypography-root"
          >
            時間
          </p>
        </div>
        <hr
          class="MuiDivider-root MuiDivider-middle MuiDivider-vertical MuiDivider-flexItem css-1oizm05-MuiDivider-root"
        />
        <div
          class="MuiBox-root css-70qvj9"
        >
          <p
            class="MuiTypography-root MuiTypography-body1 css-ahj2mt-MuiTypography-root"
          >
            ボーダー
          </p>
          <svg
            aria-hidden="true"
            class="MuiSvgIcon-root MuiSvgIcon-fontSizeMedium css-i4bv87-MuiSvgIcon-root"
            data-testid="NavigateNextIcon"
            focusable="false"
            viewBox="0 0 24 24"
          >
            <path
              d="M10 6 8.59 7.41 13.17 12l-4.58 4.59L10 18l6-6z"
            />
          </svg>
          <p
            class="MuiTypography-root MuiTypography-body1 css-lji6n6-MuiTypography-root"
          >
            0
          </p>
          <p
            class="MuiTypography-root MuiTypography-body1 css-ahj2mt-MuiTypography-root"
          >
            時間
          </p>
        </div>
      </div>
    </div>
    <div
      class="MuiBox-root css-9hu0cu"
    >
      <table
        class="MuiTable-root css-1avgbhz-MuiTable-root"
      >
        <thead
          class="MuiTableHead-root css-15wwp11-MuiTableHead-root"
        >
          <tr
            class="MuiTableRow-root MuiTableRow-head css-18gyjk9-MuiTableRow-root"
          >
            <th
              class="MuiTableCell-root MuiTableCell-head MuiTableCell-sizeSmall css-j2zpdo-MuiTableCell-root"
              colspan="1"
              scope="col"
            />
            <th
              class="MuiTableCell-root MuiTableCell-head MuiTableCell-sizeSmall css-j2zpdo-MuiTableCell-root"
              colspan="1"
              scope="col"
            >
              <span>
                利用可能
              </span>
            </th>
            <th
              class="MuiTableCell-root MuiTableCell-head MuiTableCell-sizeSmall css-j2zpdo-MuiTableCell-root"
              colspan="1"
              scope="col"
            >
              <span>
                ボーダー
              </span>
            </th>
            <th
              class="MuiTableCell-root MuiTableCell-head MuiTableCell-sizeSmall css-j2zpdo-MuiTableCell-root"
              colspan="1"
              scope="col"
            >
              <span>
                実績
              </span>
            </th>
          </tr>
        </thead>
        <tbody
          class="MuiTableBody-root css-apqrd9-MuiTableBody-root"
        >
          <tr
            class="MuiTableRow-root css-18gyjk9-MuiTableRow-root"
          >
            <td
              class="MuiTableCell-root MuiTableCell-body MuiTableCell-sizeSmall css-1n3yq5g-MuiTableCell-root"
            >
              <strong>
                1
                 月
              </strong>
            </td>
            <td
              class="MuiTableCell-root MuiTableCell-body MuiTableCell-sizeSmall css-1n3yq5g-MuiTableCell-root"
            >
              <a
                class="MuiTypography-root MuiTypography-inherit MuiLink-root MuiLink-underlineAlways css-1cep7cv-MuiTypography-root-MuiLink-root"
              >
                0
                 時間
              </a>
            </td>
            <td
              class="MuiTableCell-root MuiTableCell-body MuiTableCell-sizeSmall css-1n3yq5g-MuiTableCell-root"
            >
              <span>
                0
                 時間
              </span>
            </td>
            <td
              class="MuiTableCell-root MuiTableCell-body MuiTableCell-sizeSmall css-1n3yq5g-MuiTableCell-root"
            >
              <span
                class="MuiBox-root css-1ayqwaf"
              />
            </td>
          </tr>
          <tr
            class="MuiTableRow-root css-18gyjk9-MuiTableRow-root"
          >
            <td
              class="MuiTableCell-root MuiTableCell-body MuiTableCell-sizeSmall css-1n3yq5g-MuiTableCell-root"
            >
              <strong>
                2
                 月
              </strong>
            </td>
            <td
              class="MuiTableCell-root MuiTableCell-body MuiTableCell-sizeSmall css-1n3yq5g-MuiTableCell-root"
            >
              <a
                class="MuiTypography-root MuiTypography-inherit MuiLink-root MuiLink-underlineAlways css-1cep7cv-MuiTypography-root-MuiLink-root"
              >
                0
                 時間
              </a>
            </td>
            <td
              class="MuiTableCell-root MuiTableCell-body MuiTableCell-sizeSmall css-1n3yq5g-MuiTableCell-root"
            >
              <span>
                0
                 時間
              </span>
            </td>
            <td
              class="MuiTableCell-root MuiTableCell-body MuiTableCell-sizeSmall css-1n3yq5g-MuiTableCell-root"
            >
              <span
                class="MuiBox-root css-1ayqwaf"
              />
            </td>
          </tr>
          <tr
            class="MuiTableRow-root css-18gyjk9-MuiTableRow-root"
          >
            <td
              class="MuiTableCell-root MuiTableCell-body MuiTableCell-sizeSmall css-1n3yq5g-MuiTableCell-root"
            >
              <strong>
                3
                 月
              </strong>
            </td>
            <td
              class="MuiTableCell-root MuiTableCell-body MuiTableCell-sizeSmall css-1n3yq5g-MuiTableCell-root"
            >
              <a
                class="MuiTypography-root MuiTypography-inherit MuiLink-root MuiLink-underlineAlways css-1cep7cv-MuiTypography-root-MuiLink-root"
              >
                0
                 時間
              </a>
            </td>
            <td
              class="MuiTableCell-root MuiTableCell-body MuiTableCell-sizeSmall css-1n3yq5g-MuiTableCell-root"
            >
              <span>
                0
                 時間
              </span>
            </td>
            <td
              class="MuiTableCell-root MuiTableCell-body MuiTableCell-sizeSmall css-1n3yq5g-MuiTableCell-root"
            >
              <span
                class="MuiBox-root css-1ayqwaf"
              />
            </td>
          </tr>
          <tr
            class="MuiTableRow-root css-18gyjk9-MuiTableRow-root"
          >
            <td
              class="MuiTableCell-root MuiTableCell-body MuiTableCell-sizeSmall css-1n3yq5g-MuiTableCell-root"
            >
              <strong>
                4
                 月
              </strong>
            </td>
            <td
              class="MuiTableCell-root MuiTableCell-body MuiTableCell-sizeSmall css-1n3yq5g-MuiTableCell-root"
            >
              <a
                class="MuiTypography-root MuiTypography-inherit MuiLink-root MuiLink-underlineAlways css-1cep7cv-MuiTypography-root-MuiLink-root"
              >
                0
                 時間
              </a>
            </td>
            <td
              class="MuiTableCell-root MuiTableCell-body MuiTableCell-sizeSmall css-1n3yq5g-MuiTableCell-root"
            >
              <span>
                0
                 時間
              </span>
            </td>
            <td
              class="MuiTableCell-root MuiTableCell-body MuiTableCell-sizeSmall css-1n3yq5g-MuiTableCell-root"
            >
              <span
                class="MuiBox-root css-1ayqwaf"
              />
            </td>
          </tr>
          <tr
            class="MuiTableRow-root css-18gyjk9-MuiTableRow-root"
          >
            <td
              class="MuiTableCell-root MuiTableCell-body MuiTableCell-sizeSmall css-1n3yq5g-MuiTableCell-root"
            >
              <strong>
                5
                 月
              </strong>
            </td>
            <td
              class="MuiTableCell-root MuiTableCell-body MuiTableCell-sizeSmall css-1n3yq5g-MuiTableCell-root"
            >
              <a
                class="MuiTypography-root MuiTypography-inherit MuiLink-root MuiLink-underlineAlways css-1cep7cv-MuiTypography-root-MuiLink-root"
              >
                0
                 時間
              </a>
            </td>
            <td
              class="MuiTableCell-root MuiTableCell-body MuiTableCell-sizeSmall css-1n3yq5g-MuiTableCell-root"
            >
              <span>
                0
                 時間
              </span>
            </td>
            <td
              class="MuiTableCell-root MuiTableCell-body MuiTableCell-sizeSmall css-1n3yq5g-MuiTableCell-root"
            >
              <span
                class="MuiBox-root css-1ayqwaf"
              />
            </td>
          </tr>
          <tr
            class="MuiTableRow-root css-18gyjk9-MuiTableRow-root"
          >
            <td
              class="MuiTableCell-root MuiTableCell-body MuiTableCell-sizeSmall css-1n3yq5g-MuiTableCell-root"
            >
              <strong>
                6
                 月
              </strong>
            </td>
            <td
              class="MuiTableCell-root MuiTableCell-body MuiTableCell-sizeSmall css-1n3yq5g-MuiTableCell-root"
            >
              <a
                class="MuiTypography-root MuiTypography-inherit MuiLink-root MuiLink-underlineAlways css-1cep7cv-MuiTypography-root-MuiLink-root"
              >
                0
                 時間
              </a>
            </td>
            <td
              class="MuiTableCell-root MuiTableCell-body MuiTableCell-sizeSmall css-1n3yq5g-MuiTableCell-root"
            >
              <span>
                0
                 時間
              </span>
            </td>
            <td
              class="MuiTableCell-root MuiTableCell-body MuiTableCell-sizeSmall css-1n3yq5g-MuiTableCell-root"
            >
              <span
                class="MuiBox-root css-1ayqwaf"
              />
            </td>
          </tr>
          <tr
            class="MuiTableRow-root css-18gyjk9-MuiTableRow-root"
          >
            <td
              class="MuiTableCell-root MuiTableCell-body MuiTableCell-sizeSmall css-1n3yq5g-MuiTableCell-root"
            >
              <strong>
                7
                 月
              </strong>
            </td>
            <td
              class="MuiTableCell-root MuiTableCell-body MuiTableCell-sizeSmall css-1n3yq5g-MuiTableCell-root"
            >
              <a
                class="MuiTypography-root MuiTypography-inherit MuiLink-root MuiLink-underlineAlways css-1cep7cv-MuiTypography-root-MuiLink-root"
              >
                0
                 時間
              </a>
            </td>
            <td
              class="MuiTableCell-root MuiTableCell-body MuiTableCell-sizeSmall css-1n3yq5g-MuiTableCell-root"
            >
              <span>
                0
                 時間
              </span>
            </td>
            <td
              class="MuiTableCell-root MuiTableCell-body MuiTableCell-sizeSmall css-1n3yq5g-MuiTableCell-root"
            >
              <span
                class="MuiBox-root css-1ayqwaf"
              />
            </td>
          </tr>
          <tr
            class="MuiTableRow-root css-18gyjk9-MuiTableRow-root"
          >
            <td
              class="MuiTableCell-root MuiTableCell-body MuiTableCell-sizeSmall css-1n3yq5g-MuiTableCell-root"
            >
              <strong>
                8
                 月
              </strong>
            </td>
            <td
              class="MuiTableCell-root MuiTableCell-body MuiTableCell-sizeSmall css-1n3yq5g-MuiTableCell-root"
            >
              <a
                class="MuiTypography-root MuiTypography-inherit MuiLink-root MuiLink-underlineAlways css-1cep7cv-MuiTypography-root-MuiLink-root"
              >
                0
                 時間
              </a>
            </td>
            <td
              class="MuiTableCell-root MuiTableCell-body MuiTableCell-sizeSmall css-1n3yq5g-MuiTableCell-root"
            >
              <span>
                0
                 時間
              </span>
            </td>
            <td
              class="MuiTableCell-root MuiTableCell-body MuiTableCell-sizeSmall css-1n3yq5g-MuiTableCell-root"
            >
              <span
                class="MuiBox-root css-1ayqwaf"
              />
            </td>
          </tr>
          <tr
            class="MuiTableRow-root css-18gyjk9-MuiTableRow-root"
          >
            <td
              class="MuiTableCell-root MuiTableCell-body MuiTableCell-sizeSmall css-1n3yq5g-MuiTableCell-root"
            >
              <strong>
                9
                 月
              </strong>
            </td>
            <td
              class="MuiTableCell-root MuiTableCell-body MuiTableCell-sizeSmall css-1n3yq5g-MuiTableCell-root"
            >
              <a
                class="MuiTypography-root MuiTypography-inherit MuiLink-root MuiLink-underlineAlways css-1cep7cv-MuiTypography-root-MuiLink-root"
              >
                0
                 時間
              </a>
            </td>
            <td
              class="MuiTableCell-root MuiTableCell-body MuiTableCell-sizeSmall css-1n3yq5g-MuiTableCell-root"
            >
              <span>
                0
                 時間
              </span>
            </td>
            <td
              class="MuiTableCell-root MuiTableCell-body MuiTableCell-sizeSmall css-1n3yq5g-MuiTableCell-root"
            >
              <span
                class="MuiBox-root css-1ayqwaf"
              />
            </td>
          </tr>
          <tr
            class="MuiTableRow-root css-18gyjk9-MuiTableRow-root"
          >
            <td
              class="MuiTableCell-root MuiTableCell-body MuiTableCell-sizeSmall css-1n3yq5g-MuiTableCell-root"
            >
              <strong>
                10
                 月
              </strong>
            </td>
            <td
              class="MuiTableCell-root MuiTableCell-body MuiTableCell-sizeSmall css-1n3yq5g-MuiTableCell-root"
            >
              <a
                class="MuiTypography-root MuiTypography-inherit MuiLink-root MuiLink-underlineAlways css-1cep7cv-MuiTypography-root-MuiLink-root"
              >
                0
                 時間
              </a>
            </td>
            <td
              class="MuiTableCell-root MuiTableCell-body MuiTableCell-sizeSmall css-1n3yq5g-MuiTableCell-root"
            >
              <span>
                0
                 時間
              </span>
            </td>
            <td
              class="MuiTableCell-root MuiTableCell-body MuiTableCell-sizeSmall css-1n3yq5g-MuiTableCell-root"
            >
              <span
                class="MuiBox-root css-1ayqwaf"
              />
            </td>
          </tr>
          <tr
            class="MuiTableRow-root css-18gyjk9-MuiTableRow-root"
          >
            <td
              class="MuiTableCell-root MuiTableCell-body MuiTableCell-sizeSmall css-1n3yq5g-MuiTableCell-root"
            >
              <strong>
                11
                 月
              </strong>
            </td>
            <td
              class="MuiTableCell-root MuiTableCell-body MuiTableCell-sizeSmall css-1n3yq5g-MuiTableCell-root"
            >
              <a
                class="MuiTypography-root MuiTypography-inherit MuiLink-root MuiLink-underlineAlways css-1cep7cv-MuiTypography-root-MuiLink-root"
              >
                0
                 時間
              </a>
            </td>
            <td
              class="MuiTableCell-root MuiTableCell-body MuiTableCell-sizeSmall css-1n3yq5g-MuiTableCell-root"
            >
              <span>
                0
                 時間
              </span>
            </td>
            <td
              class="MuiTableCell-root MuiTableCell-body MuiTableCell-sizeSmall css-1n3yq5g-MuiTableCell-root"
            >
              <span
                class="MuiBox-root css-1ayqwaf"
              />
            </td>
          </tr>
          <tr
            class="MuiTableRow-root css-18gyjk9-MuiTableRow-root"
          >
            <td
              class="MuiTableCell-root MuiTableCell-body MuiTableCell-sizeSmall css-1n3yq5g-MuiTableCell-root"
            >
              <strong>
                12
                 月
              </strong>
            </td>
            <td
              class="MuiTableCell-root MuiTableCell-body MuiTableCell-sizeSmall css-1n3yq5g-MuiTableCell-root"
            >
              <a
                class="MuiTypography-root MuiTypography-inherit MuiLink-root MuiLink-underlineAlways css-1cep7cv-MuiTypography-root-MuiLink-root"
              >
                0
                 時間
              </a>
            </td>
            <td
              class="MuiTableCell-root MuiTableCell-body MuiTableCell-sizeSmall css-1n3yq5g-MuiTableCell-root"
            >
              <span>
                0
                 時間
              </span>
            </td>
            <td
              class="MuiTableCell-root MuiTableCell-body MuiTableCell-sizeSmall css-1n3yq5g-MuiTableCell-root"
            >
              <span
                class="MuiBox-root css-1ayqwaf"
              />
            </td>
          </tr>
        </tbody>
      </table>
    </div>
  </div>
</body>
`;
